Microchip MPLAB XC8 Compiler V1.43 ()

Linker command line:

-W-3 --edf=C:\Program Files (x86)\Microchip\xc8\v1.43\dat\en_msgs.txt -cs \
  -h+dist/default/production\PID.X.production.sym \
  --cmf=dist/default/production\PID.X.production.cmf -z -Q16F917 \
  -oC:\Users\LARI_3\AppData\Local\Temp\s4as.2 \
  -Mdist/default/production/PID.X.production.map -E1 -ver=XC8 \
  -ASTACK=0120h-016fh -pstack=STACK -ACODE=00h-07FFhx4 -ASTRCODE=00h-01FFFh \
  -ASTRING=00h-0FFhx32 -ACONST=00h-0FFhx32 -AENTRY=00h-0FFhx32 \
  -ACOMMON=070h-07Fh -ABANK0=020h-06Fh -ABANK1=0A0h-0EFh \
  -ABANK2=0120h-016Fh -ABANK3=0190h-01EFh \
  -ARAM=020h-06Fh,0A0h-0EFh,0120h-016Fh,0190h-01EFh \
  -AABS1=020h-07Fh,0A0h-0EFh,0120h-016Fh,0190h-01EFh -ASFR0=00h-01Fh \
  -ASFR1=080h-09Fh -ASFR2=0100h-011Fh -ASFR3=0180h-018Fh \
  -preset_vec=00h,intentry,init,end_init -ppowerup=CODE -pcinit=CODE \
  -pfunctab=ENTRY -ACONFIG=02007h-02007h -pconfig=CONFIG -DCONFIG=2 \
  -AIDLOC=02000h-02003h -pidloc=IDLOC -DIDLOC=2 -AEEDATA=00h-0FFh/02100h \
  -peeprom_data=EEDATA -DEEDATA=2 -DCODE=2 -DSTRCODE=2 -DSTRING=2 -DCONST=2 \
  -DENTRY=2 -k C:\Users\LARI_3\AppData\Local\Temp\s4as.obj \
  dist/default/production\PID.X.production.obj 

Object code version is 3.11

Machine type is 16F917



                Name                               Link     Load   Length Selector   Space Scale
C:\Users\LARI_3\AppData\Local\Temp\s4as.obj
                end_init                              0        0        3        0       0
                config                             2007     2007        1     400E       0
dist/default/production\PID.X.production.obj
                cinit                               7EF      7EF       11      FDE       0
                text5_split_8                        34       34      7BB       68       0
                text5_split_7                       979      979      132     12F2       0
                text5_split_6                       864      864      115     10C8       0
                text5_split_5                      10CE     10CE       8B     219C       0
                text5_split_4                       AAB      AAB      132     1556       0
                text5_split_3                      15DD     15DD      111     2BBA       0
                text5_split_2                      11E5     11E5       8D     23CA       0
                text5_split_1                       D10      D10      136     1A20       0
                text20                             1DF3     1DF3       19     3BE6       0
                text19                              E46      E46      1BA     1C8C       0
                text18                             1EB4     1EB4       6C     3D68       0
                text17                               13       13       21       26       0
                text16                             14D4     14D4      109     29A8       0
                text15                             1301     1301       D3     2602       0
                text14                             1159     1159       8C     22B2       0
                text13                              BDD      BDD      133     17BA       0
                text12                             1E0C     1E0C       1B     3C18       0
                text11                             1272     1272       8F     24E4       0
                text10                             1F8C     1F8C       74     3F18       0
                text9                                 9        9        A       12       0
                text8                              1E27     1E27       1F     3C4E       0
                text7                               80B      80B       59     1016       0
                text6                              100E     100E       4B     201C       0
                text5                              16EE     16EE      112     2DDC       0
                text4                              1059     1059       75     20B2       0
                text3                              1E78     1E78       3C     3CF0       0
                text2                              1E46     1E46       32     3C8C       0
                text1                              1F20     1F20       6C     3E40       0
                maintext                           13D4     13D4      100     27A8       0
                cstackBANK0                          20       20       50       20       1
                cstackCOMMON                         70       70        E       70       1
                cstackBANK1                          A0       A0       3A       A0       1
                cstackBANK3                         190      190       1C      190       1
                bssBANK1                             DA       DA        B       A0       1
                nvBANK1                              E5       E5        9       A0       1

TOTAL           Name                               Link     Load   Length     Space
        CLASS   STACK          

        CLASS   CODE           
                end_init                              0        0        3         0
                cinit                               7EF      7EF       11         0
                text5_split_8                        34       34      7BB         0
                text5_split_7                       979      979      132         0
                text5_split_6                       864      864      115         0
                text5_split_5                      10CE     10CE       8B         0
                text5_split_4                       AAB      AAB      132         0
                text5_split_3                      15DD     15DD      111         0
                text5_split_2                      11E5     11E5       8D         0
                text5_split_1                       D10      D10      136         0
                text20                             1DF3     1DF3       19         0
                text19                              E46      E46      1BA         0
                text18                             1EB4     1EB4       6C         0
                text17                               13       13       21         0
                text16                             14D4     14D4      109         0
                text15                             1301     1301       D3         0
                text14                             1159     1159       8C         0
                text13                              BDD      BDD      133         0
                text12                             1E0C     1E0C       1B         0
                text11                             1272     1272       8F         0
                text10                             1F8C     1F8C       74         0
                text9                                 9        9        A         0
                text8                              1E27     1E27       1F         0
                text7                               80B      80B       59         0
                text6                              100E     100E       4B         0
                text5                              16EE     16EE      112         0
                text4                              1059     1059       75         0
                text3                              1E78     1E78       3C         0
                text2                              1E46     1E46       32         0
                text1                              1F20     1F20       6C         0
                maintext                           13D4     13D4      100         0

        CLASS   STRCODE        

        CLASS   STRING         

        CLASS   CONST          

        CLASS   ENTRY          

        CLASS   COMMON         
                cstackCOMMON                         70       70        E         1

        CLASS   BANK0          
                cstackBANK0                          20       20       50         1

        CLASS   BANK1          
                cstackBANK1                          A0       A0       3A         1
                bssBANK1                             DA       DA        B         1
                nvBANK1                              E5       E5        9         1

        CLASS   BANK2          

        CLASS   BANK3          
                cstackBANK3                         190      190       1C         1

        CLASS   RAM            

        CLASS   ABS1           
                abs_s1                               7E       7E        2         1

        CLASS   SFR0           

        CLASS   SFR1           

        CLASS   SFR2           

        CLASS   SFR3           

        CLASS   CONFIG         
                config                             2007     2007        1         0

        CLASS   IDLOC          

        CLASS   EEDATA         



SEGMENTS        Name                           Load    Length   Top    Selector   Space  Class     Delta

                reset_vec                      000000  000003  000003         0       0  CODE        2
                text9                          000009  00000A  000013        12       0  CODE        2
                cstackBANK0                    000020  000050  000070        20       1  BANK0       1
                text17                         000013  000021  000034        26       0  CODE        2
                text5_split_8                  000034  0007BB  0007EF        68       0  CODE        2
                cstackCOMMON                   000070  00000E  00007E        70       1  COMMON      1
                cstackBANK1                    0000A0  00004E  0000EE        A0       1  BANK1       1
                cstackBANK3                    000190  00001C  0001AC       190       1  BANK3       1
                cinit                          0007EF  000011  000800       FDE       0  CODE        2
                text7                          00080B  000059  000864      1016       0  CODE        2
                text5_split_6                  000864  000115  000979      10C8       0  CODE        2
                text5_split_7                  000979  000132  000AAB      12F2       0  CODE        2
                text5_split_4                  000AAB  000132  000BDD      1556       0  CODE        2
                text13                         000BDD  000133  000D10      17BA       0  CODE        2
                text5_split_1                  000D10  000136  000E46      1A20       0  CODE        2
                text19                         000E46  0001BA  001000      1C8C       0  CODE        2
                text6                          00100E  00004B  001059      201C       0  CODE        2
                text4                          001059  000075  0010CE      20B2       0  CODE        2
                text5_split_5                  0010CE  00008B  001159      219C       0  CODE        2
                text14                         001159  00008C  0011E5      22B2       0  CODE        2
                text5_split_2                  0011E5  00008D  001272      23CA       0  CODE        2
                text11                         001272  00008F  001301      24E4       0  CODE        2
                text15                         001301  0000D3  0013D4      2602       0  CODE        2
                maintext                       0013D4  000100  0014D4      27A8       0  CODE        2
                text16                         0014D4  000109  0015DD      29A8       0  CODE        2
                text5_split_3                  0015DD  000111  0016EE      2BBA       0  CODE        2
                text5                          0016EE  000112  001800      2DDC       0  CODE        2
                text20                         001DF3  000019  001E0C      3BE6       0  CODE        2
                text12                         001E0C  00001B  001E27      3C18       0  CODE        2
                text8                          001E27  00001F  001E46      3C4E       0  CODE        2
                text2                          001E46  000032  001E78      3C8C       0  CODE        2
                text3                          001E78  00003C  001EB4      3CF0       0  CODE        2
                text18                         001EB4  00006C  001F20      3D68       0  CODE        2
                text1                          001F20  00006C  001F8C      3E40       0  CODE        2
                text10                         001F8C  000074  002000      3F18       0  CODE        2
                config                         002007  000001  002008      400E       0  CONFIG      2


UNUSED ADDRESS RANGES

        Name                Unused          Largest block    Delta
        BANK1            0000EE-0000EF                2           1
        BANK2            000120-00016F               50           1
        BANK3            0001AC-0001EF               44           1
        CODE             000003-000008                6           2
                         000800-00080A                B
                         001000-00100D                E
                         001800-001DF2              5F3
        CONST            000003-000008                6           2
                         000800-00080A                B
                         001000-00100D                E
                         001800-001DF2              100
        EEDATA           002100-0021FF              100           2
        ENTRY            000003-000008                6           2
                         000800-00080A                B
                         001000-00100D                E
                         001800-001DF2              100
        IDLOC            002000-002003                4           2
        RAM              0000EE-0000EF                2           1
                         000120-00016F               50
                         0001AC-0001EF               44
        SFR0             000000-00001F               20           1
        SFR1             000080-00009F               20           1
        SFR2             000100-00011F               20           1
        SFR3             000180-00018F               10           1
        STACK            000120-00016F               50           1
        STRCODE          000003-000008                6           2
                         000800-00080A                B
                         001000-00100D                E
                         001800-001DF2              5F3
        STRING           000003-000008                6           2
                         000800-00080A                B
                         001000-00100D                E
                         001800-001DF2              100

                                  Symbol Table

?_PID                     cstackBANK0  00003D
?___aldiv                 cstackCOMMON 000070
?___awdiv                 cstackCOMMON 000070
?___awmod                 cstackCOMMON 000070
?___awtoft                cstackCOMMON 000078
?___ftadd                 cstackBANK0  000030
?___ftmul                 cstackBANK0  000020
?___ftpack                cstackCOMMON 000070
?___fttol                 cstackCOMMON 000070
?___lwdiv                 cstackCOMMON 000070
?___lwmod                 cstackCOMMON 000070
LCD_mapping@D1            cstackCOMMON 000074
LCD_mapping@D2            cstackCOMMON 000070
LCD_mapping@D3            cstackCOMMON 000071
PID@error                 cstackBANK0  000047
PID@read                  cstackBANK0  00003F
PID@setpoint              cstackBANK0  00003D
UART_Init@baudrate        cstackBANK0  000026
UART_Init@x               cstackCOMMON 000079
UART_Write@data           cstackCOMMON 000070
UART_Write_Text@i         cstackCOMMON 000072
UART_Write_Text@text      cstackCOMMON 000074
_ADCON0                   (abs)        00001F
_ADCON1                   (abs)        00009F
_ADRESH                   (abs)        00001E
_ADRESL                   (abs)        00009E
_ANSEL                    (abs)        000091
_BRGH                     (abs)        0004C2
_CCP2CON                  (abs)        00001D
_CCPR2L                   (abs)        00001B
_CREN                     (abs)        0000C4
_D                        bssBANK1     0000DD
_GO_nDONE                 (abs)        0000F9
_I                        bssBANK1     0000DF
_INTCON                   (abs)        00000B
_LCDCON                   (abs)        000107
_LCDDATA0                 (abs)        000110
_LCDDATA1                 (abs)        000111
_LCDDATA10                (abs)        00011A
_LCDDATA11                (abs)        00011B
_LCDDATA2                 (abs)        000112
_LCDDATA3                 (abs)        000113
_LCDDATA4                 (abs)        000114
_LCDDATA5                 (abs)        000115
_LCDDATA6                 (abs)        000116
_LCDDATA7                 (abs)        000117
_LCDDATA8                 (abs)        000118
_LCDDATA9                 (abs)        000119
_LCDPS                    (abs)        000108
_LCDSE0                   (abs)        00011C
_LCDSE1                   (abs)        00011D
_LCDSE2                   (abs)        00011E
_LCD_init                 text20       001DF3
_LCD_mapping              text19       000E46
_OSCCON                   (abs)        00008F
_P                        bssBANK1     0000E1
_PID                      text13       000BDD
_PID$658                  cstackBANK0  000044
_PID_init                 text12       001E0C
_PORTD                    (abs)        000008
_PR2                      (abs)        000092
_RC5                      (abs)        00003D
_RCIF                     (abs)        000065
_RCREG                    (abs)        00001A
_RD7                      (abs)        000047
_SPBRG                    (abs)        000099
_SPEN                     (abs)        0000C7
_SYNC                     (abs)        0004C4
_T1CON                    (abs)        000010
_T1SYNC                   (abs)        000082
_T2CON                    (abs)        000012
_TMR1CS                   (abs)        000081
_TMR1H                    (abs)        00000F
_TMR1L                    (abs)        00000E
_TMR1ON                   (abs)        000080
_TRISA                    (abs)        000085
_TRISC                    (abs)        000087
_TRISC6                   (abs)        00043E
_TRISC7                   (abs)        00043F
_TRISD                    (abs)        000088
_TRMT                     (abs)        0004C1
_TXEN                     (abs)        0004C5
_TXREG                    (abs)        000019
_UART_Init                text10       001F8C
_UART_Write               text9        000009
_UART_Write_Text          text8        001E27
__CFG_BOREN$ON            (abs)        000000
__CFG_CP$OFF              (abs)        000000
__CFG_CPD$OFF             (abs)        000000
__CFG_FCMEN$ON            (abs)        000000
__CFG_FOSC$INTOSCIO       (abs)        000000
__CFG_IESO$ON             (abs)        000000
__CFG_MCLRE$ON            (abs)        000000
__CFG_PWRTE$OFF           (abs)        000000
__CFG_WDTE$OFF            (abs)        000000
__Habs1                   abs1         000000
__Hbank0                  bank0        000000
__Hbank1                  bank1        000000
__Hbank2                  bank2        000000
__Hbank3                  bank3        000000
__HbssBANK1               bssBANK1     000000
__Hcinit                  cinit        000800
__Hclrtext                clrtext      000000
__Hcode                   code         000000
__Hcommon                 common       000000
__Hconfig                 config       002008
__HcstackBANK0            cstackBANK0  000000
__HcstackBANK1            cstackBANK1  000000
__HcstackBANK3            cstackBANK3  000000
__HcstackCOMMON           cstackCOMMON 000000
__Heeprom_data            eeprom_data  000000
__Hend_init               end_init     000003
__Hfunctab                functab      000000
__Hidloc                  idloc        000000
__Hinit                   init         000000
__Hintentry               intentry     000000
__Hmaintext               maintext     000000
__HnvBANK1                nvBANK1      000000
__Hpowerup                powerup      000000
__Hram                    ram          000000
__Hreset_vec              reset_vec    000000
__Hsfr0                   sfr0         000000
__Hsfr1                   sfr1         000000
__Hsfr2                   sfr2         000000
__Hsfr3                   sfr3         000000
__Hspace_0                (abs)        002008
__Hspace_1                (abs)        0001AC
__Hspace_2                (abs)        000000
__Hspace_3                (abs)        000000
__Hstack                  stack        000000
__Hstrings                strings      000000
__Htext                   text         000000
__Labs1                   abs1         000000
__Lbank0                  bank0        000000
__Lbank1                  bank1        000000
__Lbank2                  bank2        000000
__Lbank3                  bank3        000000
__LbssBANK1               bssBANK1     000000
__Lcinit                  cinit        0007EF
__Lclrtext                clrtext      000000
__Lcode                   code         000000
__Lcommon                 common       000000
__Lconfig                 config       002007
__LcstackBANK0            cstackBANK0  000000
__LcstackBANK1            cstackBANK1  000000
__LcstackBANK3            cstackBANK3  000000
__LcstackCOMMON           cstackCOMMON 000000
__Leeprom_data            eeprom_data  000000
__Lend_init               end_init     000000
__Lfunctab                functab      000000
__Lidloc                  idloc        000000
__Linit                   init         000000
__Lintentry               intentry     000000
__Lmaintext               maintext     000000
__LnvBANK1                nvBANK1      000000
__Lpowerup                powerup      000000
__Lram                    ram          000000
__Lreset_vec              reset_vec    000000
__Lsfr0                   sfr0         000000
__Lsfr1                   sfr1         000000
__Lsfr2                   sfr2         000000
__Lsfr3                   sfr3         000000
__Lspace_0                (abs)        000000
__Lspace_1                (abs)        000000
__Lspace_2                (abs)        000000
__Lspace_3                (abs)        000000
__Lstack                  stack        000000
__Lstrings                strings      000000
__Ltext                   text         000000
__S0                      (abs)        002008
__S1                      (abs)        0001AC
__S2                      (abs)        000000
__S3                      (abs)        000000
___aldiv                  text11       001272
___aldiv@counter          cstackBANK0  000020
___aldiv@dividend         cstackCOMMON 000074
___aldiv@divisor          cstackCOMMON 000070
___aldiv@quotient         cstackBANK0  000022
___aldiv@sign             cstackBANK0  000021
___awdiv                  text7        00080B
___awdiv@counter          cstackCOMMON 000075
___awdiv@dividend         cstackCOMMON 000072
___awdiv@divisor          cstackCOMMON 000070
___awdiv@quotient         cstackCOMMON 000077
___awdiv@sign             cstackCOMMON 000076
___awmod                  text6        00100E
___awmod@counter          cstackCOMMON 000075
___awmod@dividend         cstackCOMMON 000072
___awmod@divisor          cstackCOMMON 000070
___awmod@sign             cstackCOMMON 000076
___awtoft                 text17       000013
___awtoft@c               cstackCOMMON 000078
___awtoft@sign            cstackCOMMON 00007D
___ftadd                  text16       0014D4
___ftadd@exp1             cstackBANK0  00003C
___ftadd@exp2             cstackBANK0  00003B
___ftadd@f1               cstackBANK0  000030
___ftadd@f2               cstackBANK0  000033
___ftadd@sign             cstackBANK0  00003A
___ftmul                  text15       001301
___ftmul@cntr             cstackBANK0  00002E
___ftmul@exp              cstackBANK0  00002A
___ftmul@f1               cstackBANK0  000020
___ftmul@f2               cstackBANK0  000023
___ftmul@f3_as_product    cstackBANK0  00002B
___ftmul@sign             cstackBANK0  00002F
___ftpack                 text18       001EB4
___ftpack@arg             cstackCOMMON 000070
___ftpack@exp             cstackCOMMON 000073
___ftpack@sign            cstackCOMMON 000074
___fttol                  text14       001159
___fttol@exp1             cstackCOMMON 00007D
___fttol@f1               cstackCOMMON 000070
___fttol@lval             cstackCOMMON 000079
___fttol@sign1            cstackCOMMON 000078
___int_sp                 stack        000000
___latbits                (abs)        000002
___lwdiv                  text3        001E78
___lwdiv@counter          cstackCOMMON 000077
___lwdiv@dividend         cstackCOMMON 000072
___lwdiv@divisor          cstackCOMMON 000070
___lwdiv@quotient         cstackCOMMON 000075
___lwmod                  text2        001E46
___lwmod@counter          cstackCOMMON 000075
___lwmod@dividend         cstackCOMMON 000072
___lwmod@divisor          cstackCOMMON 000070
___sp                     stack        000000
__end_of_LCD_init         text20       001E0C
__end_of_LCD_mapping      text19       001000
__end_of_PID              text13       000D10
__end_of_PID_init         text12       001E27
__end_of_UART_Init        text10       002000
__end_of_UART_Write       text9        000013
__end_of_UART_Write_Text  text8        001E46
__end_of___aldiv          text11       001301
__end_of___awdiv          text7        000864
__end_of___awmod          text6        001059
__end_of___awtoft         text17       000034
__end_of___ftadd          text16       0015DD
__end_of___ftmul          text15       0013D4
__end_of___ftpack         text18       001F20
__end_of___fttol          text14       0011E5
__end_of___lwdiv          text3        001EB4
__end_of___lwmod          text2        001E78
__end_of__initialization  cinit        0007FC
__end_of_displayDigit     text5_split_8 0007DD
__end_of_displayNumber    text4        0010CE
__end_of_main             maintext     0014D4
__end_of_utoa             text1        001F8C
__initialization          cinit        0007EF
__pbssBANK1               bssBANK1     0000DA
__pcstackBANK0            cstackBANK0  000020
__pcstackBANK1            cstackBANK1  0000A0
__pcstackBANK3            cstackBANK3  000190
__pcstackCOMMON           cstackCOMMON 000070
__pmaintext               maintext     0013D4
__pnvBANK1                nvBANK1      0000E5
__ptext1                  text1        001F20
__ptext10                 text10       001F8C
__ptext11                 text11       001272
__ptext12                 text12       001E0C
__ptext13                 text13       000BDD
__ptext14                 text14       001159
__ptext15                 text15       001301
__ptext16                 text16       0014D4
__ptext17                 text17       000013
__ptext18                 text18       001EB4
__ptext19                 text19       000E46
__ptext2                  text2        001E46
__ptext20                 text20       001DF3
__ptext3                  text3        001E78
__ptext4                  text4        001059
__ptext5                  text5        0016EE
__ptext6                  text6        00100E
__ptext7                  text7        00080B
__ptext8                  text8        001E27
__ptext9                  text9        000009
__size_of_LCD_init        (abs)        000000
__size_of_LCD_mapping     (abs)        000000
__size_of_PID             (abs)        000000
__size_of_PID_init        (abs)        000000
__size_of_UART_Init       (abs)        000000
__size_of_UART_Write      (abs)        000000
__size_of_UART_Write_Text (abs)        000000
__size_of___aldiv         (abs)        000000
__size_of___awdiv         (abs)        000000
__size_of___awmod         (abs)        000000
__size_of___awtoft        (abs)        000000
__size_of___ftadd         (abs)        000000
__size_of___ftmul         (abs)        000000
__size_of___ftpack        (abs)        000000
__size_of___fttol         (abs)        000000
__size_of___lwdiv         (abs)        000000
__size_of___lwmod         (abs)        000000
__size_of_displayDigit    (abs)        000000
__size_of_displayNumber   (abs)        000000
__size_of_main            (abs)        000000
__size_of_utoa            (abs)        000000
_displayDigit             text5        0016EE
_displayNumber            text4        001059
_kd                       nvBANK1      0000E8
_ki                       nvBANK1      0000EB
_kp                       nvBANK1      0000E5
_last_error               bssBANK1     0000E3
_main                     maintext     0013D4
_pid_val                  bssBANK1     0000DA
_utoa                     text1        001F20
btemp                     (abs)        00007E
displayDigit@D1           cstackCOMMON 00007B
displayDigit@digito       cstackCOMMON 000079
displayNumber@D1          cstackBANK0  00002B
displayNumber@D2          cstackBANK0  00002C
displayNumber@D3          cstackBANK0  00002D
displayNumber@num         cstackBANK0  000029
end_of_initialization     cinit        0007FC
intlevel0                 functab      000000
intlevel1                 functab      000000
intlevel2                 functab      000000
intlevel3                 functab      000000
intlevel4                 functab      000000
intlevel5                 functab      000000
main@D1                   cstackBANK1  0000A2
main@D2                   cstackBANK1  0000BE
main@D3                   cstackBANK3  000190
main@setpoint             cstackBANK0  00006E
main@str                  cstackBANK0  00004D
main@timer1               cstackBANK1  0000A0
pnum$text5                (abs)        00000E
pnum$text5_split_1        (abs)        00001E
pnum$text5_split_2        (abs)        00001F
pnum$text5_split_3        (abs)        000020
pnum$text5_split_4        (abs)        000021
pnum$text5_split_5        (abs)        000022
pnum$text5_split_6        (abs)        000023
pnum$text5_split_7        (abs)        000024
pnum$text5_split_8        (abs)        000025
psplit$0                  (abs)        0E001E
psplit$1                  (abs)        1E001F
psplit$2                  (abs)        1F0020
psplit$3                  (abs)        200021
psplit$4                  (abs)        210022
psplit$5                  (abs)        220023
psplit$6                  (abs)        230024
psplit$7                  (abs)        240025
reset_vec                 reset_vec    000000
stackhi                   (abs)        000000
stacklo                   (abs)        000000
start                     init         000000
start_initialization      cinit        0007EF
utoa@base                 cstackCOMMON 00007A
utoa@buf                  cstackBANK0  000023
utoa@c                    cstackBANK0  000022
utoa@v                    cstackBANK0  000020
utoa@val                  cstackCOMMON 000078
wtemp0                    (abs)        00007E


FUNCTION INFORMATION:

 *************** function _main *****************
 Defined at:
		line 61 in file "main.c"
 Parameters:    Size  Location     Type
		None
 Auto vars:     Size  Location     Type
  str            33   45[BANK0 ] unsigned char [33]
  D3             28    0[BANK3 ] struct .
  D2             28   30[BANK1 ] struct .
  D1             28    2[BANK1 ] struct .
  timer1          2    0[BANK1 ] unsigned int 
  setpoint        2   78[BANK0 ] int 
 Return value:  Size  Location     Type
                  1    wreg      void 
 Registers used:
		wreg, fsr0l, fsr0h, status,2, status,0, pclath, cstack
 Tracked objects:
		On entry : 
		On exit  : 
		Unchanged: 
 Data sizes:     COMMON   BANK0   BANK1   BANK3   BANK2
      Params:         0       0       0       0       0
      Locals:         0      35      58      28       0
      Temps:          0       4       0       0       0
      Totals:         0      39      58      28       0
Total ram usage:      125 bytes
 Hardware stack levels required when called:    3
 This function calls:
		_LCD_init
		_LCD_mapping
		_PID
		_PID_init
		_UART_Init
		_UART_Write
		_UART_Write_Text
		_displayNumber
		_utoa
 This function is called by:
		Startup code after reset
 This function uses a non-reentrant model


 *************** function _utoa *****************
 Defined at:
		line 17 in file "C:\Program Files (x86)\Microchip\xc8\v1.43\sources\common\itoa.c"
 Parameters:    Size  Location     Type
  buf             1    wreg     PTR unsigned char 
		 -> main@str(33), 
  val             2    8[COMMON] unsigned int 
  base            2   10[COMMON] int 
 Auto vars:     Size  Location     Type
  buf             1    3[BANK0 ] PTR unsigned char 
		 -> main@str(33), 
  v               2    0[BANK0 ] unsigned int 
  c               1    2[BANK0 ] unsigned char 
 Return value:  Size  Location     Type
                  1    wreg      PTR unsigned char 
 Registers used:
		wreg, fsr0l, fsr0h, status,2, status,0, pclath, cstack
 Tracked objects:
		On entry : 
		On exit  : 
		Unchanged: 
 Data sizes:     COMMON   BANK0   BANK1   BANK3   BANK2
      Params:         4       0       0       0       0
      Locals:         0       4       0       0       0
      Temps:          1       0       0       0       0
      Totals:         5       4       0       0       0
Total ram usage:        9 bytes
 Hardware stack levels used:    1
 Hardware stack levels required when called:    1
 This function calls:
		___lwdiv
		___lwmod
 This function is called by:
		_main
 This function uses a non-reentrant model


 *************** function ___lwmod *****************
 Defined at:
		line 6 in file "C:\Program Files (x86)\Microchip\xc8\v1.43\sources\common\lwmod.c"
 Parameters:    Size  Location     Type
  divisor         2    0[COMMON] unsigned int 
  dividend        2    2[COMMON] unsigned int 
 Auto vars:     Size  Location     Type
  counter         1    5[COMMON] unsigned char 
 Return value:  Size  Location     Type
                  2    0[COMMON] unsigned int 
 Registers used:
		wreg, status,2, status,0
 Tracked objects:
		On entry : 
		On exit  : 
		Unchanged: 
 Data sizes:     COMMON   BANK0   BANK1   BANK3   BANK2
      Params:         4       0       0       0       0
      Locals:         1       0       0       0       0
      Temps:          1       0       0       0       0
      Totals:         6       0       0       0       0
Total ram usage:        6 bytes
 Hardware stack levels used:    1
 This function calls:
		Nothing
 This function is called by:
		_utoa
 This function uses a non-reentrant model


 *************** function ___lwdiv *****************
 Defined at:
		line 6 in file "C:\Program Files (x86)\Microchip\xc8\v1.43\sources\common\lwdiv.c"
 Parameters:    Size  Location     Type
  divisor         2    0[COMMON] unsigned int 
  dividend        2    2[COMMON] unsigned int 
 Auto vars:     Size  Location     Type
  quotient        2    5[COMMON] unsigned int 
  counter         1    7[COMMON] unsigned char 
 Return value:  Size  Location     Type
                  2    0[COMMON] unsigned int 
 Registers used:
		wreg, status,2, status,0
 Tracked objects:
		On entry : 
		On exit  : 
		Unchanged: 
 Data sizes:     COMMON   BANK0   BANK1   BANK3   BANK2
      Params:         4       0       0       0       0
      Locals:         3       0       0       0       0
      Temps:          1       0       0       0       0
      Totals:         8       0       0       0       0
Total ram usage:        8 bytes
 Hardware stack levels used:    1
 This function calls:
		Nothing
 This function is called by:
		_utoa
 This function uses a non-reentrant model


 *************** function _displayNumber *****************
 Defined at:
		line 69 in file "lcd.c"
 Parameters:    Size  Location     Type
  num             2    9[BANK0 ] int 
  D1              1   11[BANK0 ] PTR struct .
		 -> main@D1(28), 
  D2              1   12[BANK0 ] PTR struct .
		 -> main@D2(28), 
  D3              1   13[BANK0 ] PTR struct .
		 -> main@D3(28), 
 Auto vars:     Size  Location     Type
		None
 Return value:  Size  Location     Type
                  1    wreg      void 
 Registers used:
		wreg, fsr0l, fsr0h, status,2, status,0, pclath, cstack
 Tracked objects:
		On entry : 
		On exit  : 
		Unchanged: 
 Data sizes:     COMMON   BANK0   BANK1   BANK3   BANK2
      Params:         0       5       0       0       0
      Locals:         0       0       0       0       0
      Temps:          0       0       0       0       0
      Totals:         0       5       0       0       0
Total ram usage:        5 bytes
 Hardware stack levels used:    1
 Hardware stack levels required when called:    1
 This function calls:
		___awdiv
		___awmod
		_displayDigit
 This function is called by:
		_main
 This function uses a non-reentrant model


 *************** function _displayDigit *****************
 Defined at:
		line 83 in file "lcd.c"
 Parameters:    Size  Location     Type
  digito          2    9[COMMON] int 
  D1              2   11[COMMON] PTR struct .
		 -> main@D3(28), main@D2(28), main@D1(28), 
 Auto vars:     Size  Location     Type
		None
 Return value:  Size  Location     Type
                  1    wreg      void 
 Registers used:
		wreg, fsr0l, fsr0h, status,2, status,0
 Tracked objects:
		On entry : 
		On exit  : 
		Unchanged: 
 Data sizes:     COMMON   BANK0   BANK1   BANK3   BANK2
      Params:         4       0       0       0       0
      Locals:         0       0       0       0       0
      Temps:          0       9       0       0       0
      Totals:         4       9       0       0       0
Total ram usage:       13 bytes
 Hardware stack levels used:    1
 This function calls:
		Nothing
 This function is called by:
		_displayNumber
 This function uses a non-reentrant model


 *************** function ___awmod *****************
 Defined at:
		line 6 in file "C:\Program Files (x86)\Microchip\xc8\v1.43\sources\common\awmod.c"
 Parameters:    Size  Location     Type
  divisor         2    0[COMMON] int 
  dividend        2    2[COMMON] int 
 Auto vars:     Size  Location     Type
  sign            1    6[COMMON] unsigned char 
  counter         1    5[COMMON] unsigned char 
 Return value:  Size  Location     Type
                  2    0[COMMON] int 
 Registers used:
		wreg, status,2, status,0
 Tracked objects:
		On entry : 
		On exit  : 
		Unchanged: 
 Data sizes:     COMMON   BANK0   BANK1   BANK3   BANK2
      Params:         4       0       0       0       0
      Locals:         2       0       0       0       0
      Temps:          1       0       0       0       0
      Totals:         7       0       0       0       0
Total ram usage:        7 bytes
 Hardware stack levels used:    1
 This function calls:
		Nothing
 This function is called by:
		_displayNumber
 This function uses a non-reentrant model


 *************** function ___awdiv *****************
 Defined at:
		line 6 in file "C:\Program Files (x86)\Microchip\xc8\v1.43\sources\common\awdiv.c"
 Parameters:    Size  Location     Type
  divisor         2    0[COMMON] int 
  dividend        2    2[COMMON] int 
 Auto vars:     Size  Location     Type
  quotient        2    7[COMMON] int 
  sign            1    6[COMMON] unsigned char 
  counter         1    5[COMMON] unsigned char 
 Return value:  Size  Location     Type
                  2    0[COMMON] int 
 Registers used:
		wreg, status,2, status,0
 Tracked objects:
		On entry : 
		On exit  : 
		Unchanged: 
 Data sizes:     COMMON   BANK0   BANK1   BANK3   BANK2
      Params:         4       0       0       0       0
      Locals:         4       0       0       0       0
      Temps:          1       0       0       0       0
      Totals:         9       0       0       0       0
Total ram usage:        9 bytes
 Hardware stack levels used:    1
 This function calls:
		Nothing
 This function is called by:
		_displayNumber
 This function uses a non-reentrant model


 *************** function _UART_Write_Text *****************
 Defined at:
		line 36 in file "uart.c"
 Parameters:    Size  Location     Type
  text            1    wreg     PTR unsigned char 
		 -> main@str(33), 
 Auto vars:     Size  Location     Type
  text            1    4[COMMON] PTR unsigned char 
		 -> main@str(33), 
  i               2    2[COMMON] int 
 Return value:  Size  Location     Type
                  1    wreg      void 
 Registers used:
		wreg, fsr0l, fsr0h, status,2, status,0, pclath, cstack
 Tracked objects:
		On entry : 
		On exit  : 
		Unchanged: 
 Data sizes:     COMMON   BANK0   BANK1   BANK3   BANK2
      Params:         0       0       0       0       0
      Locals:         3       0       0       0       0
      Temps:          1       0       0       0       0
      Totals:         4       0       0       0       0
Total ram usage:        4 bytes
 Hardware stack levels used:    1
 Hardware stack levels required when called:    1
 This function calls:
		_UART_Write
 This function is called by:
		_main
 This function uses a non-reentrant model


 *************** function _UART_Write *****************
 Defined at:
		line 24 in file "uart.c"
 Parameters:    Size  Location     Type
  data            1    wreg     unsigned char 
 Auto vars:     Size  Location     Type
  data            1    0[COMMON] unsigned char 
 Return value:  Size  Location     Type
                  1    wreg      void 
 Registers used:
		wreg
 Tracked objects:
		On entry : 
		On exit  : 
		Unchanged: 
 Data sizes:     COMMON   BANK0   BANK1   BANK3   BANK2
      Params:         0       0       0       0       0
      Locals:         1       0       0       0       0
      Temps:          0       0       0       0       0
      Totals:         1       0       0       0       0
Total ram usage:        1 bytes
 Hardware stack levels used:    1
 This function calls:
		Nothing
 This function is called by:
		_main
		_UART_Write_Text
 This function uses a non-reentrant model


 *************** function _UART_Init *****************
 Defined at:
		line 7 in file "uart.c"
 Parameters:    Size  Location     Type
  baudrate        4    6[BANK0 ] const long 
 Auto vars:     Size  Location     Type
  x               2    9[COMMON] unsigned int 
 Return value:  Size  Location     Type
                  1    wreg      unsigned char 
 Registers used:
		wreg, status,2, status,0, pclath, cstack
 Tracked objects:
		On entry : 
		On exit  : 
		Unchanged: 
 Data sizes:     COMMON   BANK0   BANK1   BANK3   BANK2
      Params:         0       4       0       0       0
      Locals:         2       0       0       0       0
      Temps:          0      12       0       0       0
      Totals:         2      16       0       0       0
Total ram usage:       18 bytes
 Hardware stack levels used:    1
 Hardware stack levels required when called:    1
 This function calls:
		___aldiv
 This function is called by:
		_main
 This function uses a non-reentrant model


 *************** function ___aldiv *****************
 Defined at:
		line 6 in file "C:\Program Files (x86)\Microchip\xc8\v1.43\sources\common\aldiv.c"
 Parameters:    Size  Location     Type
  divisor         4    0[COMMON] long 
  dividend        4    4[COMMON] long 
 Auto vars:     Size  Location     Type
  quotient        4    2[BANK0 ] long 
  sign            1    1[BANK0 ] unsigned char 
  counter         1    0[BANK0 ] unsigned char 
 Return value:  Size  Location     Type
                  4    0[COMMON] long 
 Registers used:
		wreg, status,2, status,0
 Tracked objects:
		On entry : 
		On exit  : 
		Unchanged: 
 Data sizes:     COMMON   BANK0   BANK1   BANK3   BANK2
      Params:         8       0       0       0       0
      Locals:         0       6       0       0       0
      Temps:          1       0       0       0       0
      Totals:         9       6       0       0       0
Total ram usage:       15 bytes
 Hardware stack levels used:    1
 This function calls:
		Nothing
 This function is called by:
		_UART_Init
 This function uses a non-reentrant model


 *************** function _PID_init *****************
 Defined at:
		line 32 in file "main.c"
 Parameters:    Size  Location     Type
		None
 Auto vars:     Size  Location     Type
		None
 Return value:  Size  Location     Type
                  1    wreg      void 
 Registers used:
		wreg, status,2
 Tracked objects:
		On entry : 
		On exit  : 
		Unchanged: 
 Data sizes:     COMMON   BANK0   BANK1   BANK3   BANK2
      Params:         0       0       0       0       0
      Locals:         0       0       0       0       0
      Temps:          0       0       0       0       0
      Totals:         0       0       0       0       0
Total ram usage:        0 bytes
 Hardware stack levels used:    1
 This function calls:
		Nothing
 This function is called by:
		_main
 This function uses a non-reentrant model


 *************** function _PID *****************
 Defined at:
		line 45 in file "main.c"
 Parameters:    Size  Location     Type
  setpoint        2   29[BANK0 ] int 
  read            2   31[BANK0 ] int 
 Auto vars:     Size  Location     Type
  error           2   39[BANK0 ] int 
 Return value:  Size  Location     Type
                  2   29[BANK0 ] int 
 Registers used:
		wreg, status,2, status,0, pclath, cstack
 Tracked objects:
		On entry : 
		On exit  : 
		Unchanged: 
 Data sizes:     COMMON   BANK0   BANK1   BANK3   BANK2
      Params:         0       4       0       0       0
      Locals:         0       5       0       0       0
      Temps:          0       3       0       0       0
      Totals:         0      12       0       0       0
Total ram usage:       12 bytes
 Hardware stack levels used:    1
 Hardware stack levels required when called:    2
 This function calls:
		___awtoft
		___ftadd
		___ftmul
		___fttol
 This function is called by:
		_main
 This function uses a non-reentrant model


 *************** function ___fttol *****************
 Defined at:
		line 44 in file "C:\Program Files (x86)\Microchip\xc8\v1.43\sources\common\fttol.c"
 Parameters:    Size  Location     Type
  f1              3    0[COMMON] float 
 Auto vars:     Size  Location     Type
  lval            4    9[COMMON] unsigned long 
  exp1            1   13[COMMON] unsigned char 
  sign1           1    8[COMMON] unsigned char 
 Return value:  Size  Location     Type
                  4    0[COMMON] long 
 Registers used:
		wreg, status,2, status,0
 Tracked objects:
		On entry : 
		On exit  : 
		Unchanged: 
 Data sizes:     COMMON   BANK0   BANK1   BANK3   BANK2
      Params:         4       0       0       0       0
      Locals:         6       0       0       0       0
      Temps:          4       0       0       0       0
      Totals:        14       0       0       0       0
Total ram usage:       14 bytes
 Hardware stack levels used:    1
 This function calls:
		Nothing
 This function is called by:
		_PID
 This function uses a non-reentrant model


 *************** function ___ftmul *****************
 Defined at:
		line 62 in file "C:\Program Files (x86)\Microchip\xc8\v1.43\sources\common\ftmul.c"
 Parameters:    Size  Location     Type
  f1              3    0[BANK0 ] float 
  f2              3    3[BANK0 ] float 
 Auto vars:     Size  Location     Type
  f3_as_produc    3   11[BANK0 ] unsigned um
  sign            1   15[BANK0 ] unsigned char 
  cntr            1   14[BANK0 ] unsigned char 
  exp             1   10[BANK0 ] unsigned char 
 Return value:  Size  Location     Type
                  3    0[BANK0 ] float 
 Registers used:
		wreg, status,2, status,0, pclath, cstack
 Tracked objects:
		On entry : 
		On exit  : 
		Unchanged: 
 Data sizes:     COMMON   BANK0   BANK1   BANK3   BANK2
      Params:         0       6       0       0       0
      Locals:         0       6       0       0       0
      Temps:          0       4       0       0       0
      Totals:         0      16       0       0       0
Total ram usage:       16 bytes
 Hardware stack levels used:    1
 Hardware stack levels required when called:    1
 This function calls:
		___ftpack
 This function is called by:
		_PID
 This function uses a non-reentrant model


 *************** function ___ftadd *****************
 Defined at:
		line 86 in file "C:\Program Files (x86)\Microchip\xc8\v1.43\sources\common\ftadd.c"
 Parameters:    Size  Location     Type
  f1              3   16[BANK0 ] float 
  f2              3   19[BANK0 ] float 
 Auto vars:     Size  Location     Type
  exp1            1   28[BANK0 ] unsigned char 
  exp2            1   27[BANK0 ] unsigned char 
  sign            1   26[BANK0 ] unsigned char 
 Return value:  Size  Location     Type
                  3   16[BANK0 ] float 
 Registers used:
		wreg, status,2, status,0, pclath, cstack
 Tracked objects:
		On entry : 
		On exit  : 
		Unchanged: 
 Data sizes:     COMMON   BANK0   BANK1   BANK3   BANK2
      Params:         0       6       0       0       0
      Locals:         0       3       0       0       0
      Temps:          0       4       0       0       0
      Totals:         0      13       0       0       0
Total ram usage:       13 bytes
 Hardware stack levels used:    1
 Hardware stack levels required when called:    1
 This function calls:
		___ftpack
 This function is called by:
		_PID
 This function uses a non-reentrant model


 *************** function ___awtoft *****************
 Defined at:
		line 32 in file "C:\Program Files (x86)\Microchip\xc8\v1.43\sources\common\awtoft.c"
 Parameters:    Size  Location     Type
  c               2    8[COMMON] int 
 Auto vars:     Size  Location     Type
  sign            1   13[COMMON] unsigned char 
 Return value:  Size  Location     Type
                  3    8[COMMON] float 
 Registers used:
		wreg, status,2, status,0, pclath, cstack
 Tracked objects:
		On entry : 
		On exit  : 
		Unchanged: 
 Data sizes:     COMMON   BANK0   BANK1   BANK3   BANK2
      Params:         3       0       0       0       0
      Locals:         1       0       0       0       0
      Temps:          2       0       0       0       0
      Totals:         6       0       0       0       0
Total ram usage:        6 bytes
 Hardware stack levels used:    1
 Hardware stack levels required when called:    1
 This function calls:
		___ftpack
 This function is called by:
		_PID
 This function uses a non-reentrant model


 *************** function ___ftpack *****************
 Defined at:
		line 62 in file "C:\Program Files (x86)\Microchip\xc8\v1.43\sources\common\float.c"
 Parameters:    Size  Location     Type
  arg             3    0[COMMON] unsigned um
  exp             1    3[COMMON] unsigned char 
  sign            1    4[COMMON] unsigned char 
 Auto vars:     Size  Location     Type
		None
 Return value:  Size  Location     Type
                  3    0[COMMON] float 
 Registers used:
		wreg, status,2, status,0
 Tracked objects:
		On entry : 
		On exit  : 
		Unchanged: 
 Data sizes:     COMMON   BANK0   BANK1   BANK3   BANK2
      Params:         5       0       0       0       0
      Locals:         0       0       0       0       0
      Temps:          3       0       0       0       0
      Totals:         8       0       0       0       0
Total ram usage:        8 bytes
 Hardware stack levels used:    1
 This function calls:
		Nothing
 This function is called by:
		___awtoft
		___ftadd
		___ftmul
 This function uses a non-reentrant model


 *************** function _LCD_mapping *****************
 Defined at:
		line 9 in file "lcd.c"
 Parameters:    Size  Location     Type
  D1              1    wreg     PTR struct .
		 -> main@D1(28), 
  D2              1    0[COMMON] PTR struct .
		 -> main@D2(28), 
  D3              1    1[COMMON] PTR struct .
		 -> main@D3(28), 
 Auto vars:     Size  Location     Type
  D1              1    4[COMMON] PTR struct .
		 -> main@D1(28), 
 Return value:  Size  Location     Type
                  1    wreg      void 
 Registers used:
		wreg, fsr0l, fsr0h, status,2, status,0
 Tracked objects:
		On entry : 
		On exit  : 
		Unchanged: 
 Data sizes:     COMMON   BANK0   BANK1   BANK3   BANK2
      Params:         2       0       0       0       0
      Locals:         1       0       0       0       0
      Temps:          2       0       0       0       0
      Totals:         5       0       0       0       0
Total ram usage:        5 bytes
 Hardware stack levels used:    1
 This function calls:
		Nothing
 This function is called by:
		_main
 This function uses a non-reentrant model


 *************** function _LCD_init *****************
 Defined at:
		line 38 in file "lcd.c"
 Parameters:    Size  Location     Type
		None
 Auto vars:     Size  Location     Type
		None
 Return value:  Size  Location     Type
                  1    wreg      void 
 Registers used:
		wreg, status,2
 Tracked objects:
		On entry : 
		On exit  : 
		Unchanged: 
 Data sizes:     COMMON   BANK0   BANK1   BANK3   BANK2
      Params:         0       0       0       0       0
      Locals:         0       0       0       0       0
      Temps:          0       0       0       0       0
      Totals:         0       0       0       0       0
Total ram usage:        0 bytes
 Hardware stack levels used:    1
 This function calls:
		Nothing
 This function is called by:
		_main
 This function uses a non-reentrant model



MODULE INFORMATION

Module		Function		Class		Link	Load	Size
C:\Program Files (x86)\Microchip\xc8\v1.43\sources\common\ftmul.c
		___ftmul       		CODE           	1301	0000	212

C:\Program Files (x86)\Microchip\xc8\v1.43\sources\common\ftmul.c estimated size: 212

uart.c
		_UART_Init     		CODE           	1F8C	0000	117
		_UART_Write_Text		CODE           	1E27	0000	32
		_UART_Write    		CODE           	0009	0000	11

uart.c estimated size: 160

C:\Program Files (x86)\Microchip\xc8\v1.43\sources\common\lwdiv.c
		___lwdiv       		CODE           	1E78	0000	61

C:\Program Files (x86)\Microchip\xc8\v1.43\sources\common\lwdiv.c estimated size: 61

C:\Program Files (x86)\Microchip\xc8\v1.43\sources\common\awdiv.c
		___awdiv       		CODE           	080B	0000	90

C:\Program Files (x86)\Microchip\xc8\v1.43\sources\common\awdiv.c estimated size: 90

C:\Program Files (x86)\Microchip\xc8\v1.43\sources\common\awtoft.c
		___awtoft      		CODE           	0013	0000	34

C:\Program Files (x86)\Microchip\xc8\v1.43\sources\common\awtoft.c estimated size: 34

C:\Program Files (x86)\Microchip\xc8\v1.43\sources\common\fttol.c
		___fttol       		CODE           	1159	0000	141

C:\Program Files (x86)\Microchip\xc8\v1.43\sources\common\fttol.c estimated size: 141

C:\Program Files (x86)\Microchip\xc8\v1.43\sources\common\ftadd.c
		___ftadd       		CODE           	14D4	0000	266

C:\Program Files (x86)\Microchip\xc8\v1.43\sources\common\ftadd.c estimated size: 266

C:\Program Files (x86)\Microchip\xc8\v1.43\sources\common\aldiv.c
		___aldiv       		CODE           	1272	0000	144

C:\Program Files (x86)\Microchip\xc8\v1.43\sources\common\aldiv.c estimated size: 144

shared
		__initialization		CODE           	07EF	0000	14

shared estimated size: 14

lcd.c
		_displayDigit  		CODE           	16EE	0000	3988
		_displayNumber 		CODE           	1059	0000	118
		_LCD_init      		CODE           	1DF3	0000	26
		_LCD_mapping   		CODE           	0E46	0000	443

lcd.c estimated size: 4575

C:\Program Files (x86)\Microchip\xc8\v1.43\sources\common\float.c
		___ftpack      		CODE           	1EB4	0000	109

C:\Program Files (x86)\Microchip\xc8\v1.43\sources\common\float.c estimated size: 109

C:\Program Files (x86)\Microchip\xc8\v1.43\sources\common\itoa.c
		_utoa          		CODE           	1F20	0000	109

C:\Program Files (x86)\Microchip\xc8\v1.43\sources\common\itoa.c estimated size: 109

C:\Program Files (x86)\Microchip\xc8\v1.43\sources\common\lwmod.c
		___lwmod       		CODE           	1E46	0000	51

C:\Program Files (x86)\Microchip\xc8\v1.43\sources\common\lwmod.c estimated size: 51

main.c
		_main          		CODE           	13D4	0000	257
		_PID           		CODE           	0BDD	0000	308
		_PID_init      		CODE           	1E0C	0000	28

main.c estimated size: 593

C:\Program Files (x86)\Microchip\xc8\v1.43\sources\common\awmod.c
		___awmod       		CODE           	100E	0000	76

C:\Program Files (x86)\Microchip\xc8\v1.43\sources\common\awmod.c estimated size: 76

