Microchip MPLAB XC8 Compiler V1.43 ()

Linker command line:

-W-3 --edf=C:\Program Files (x86)\Microchip\xc8\v1.43\dat\en_msgs.txt -cs \
  -h+dist/default/production\PWM.X.production.sym \
  --cmf=dist/default/production\PWM.X.production.cmf -z -Q16F917 \
  -oC:\Users\LARI_3\AppData\Local\Temp\s1evs.2 \
  -Mdist/default/production/PWM.X.production.map -E1 -ver=XC8 \
  -ASTACK=0120h-016fh -pstack=STACK -ACODE=00h-07FFhx4 -ASTRCODE=00h-01FFFh \
  -ASTRING=00h-0FFhx32 -ACONST=00h-0FFhx32 -AENTRY=00h-0FFhx32 \
  -ACOMMON=070h-07Fh -ABANK0=020h-06Fh -ABANK1=0A0h-0EFh \
  -ABANK2=0120h-016Fh -ABANK3=0190h-01EFh \
  -ARAM=020h-06Fh,0A0h-0EFh,0120h-016Fh,0190h-01EFh \
  -AABS1=020h-07Fh,0A0h-0EFh,0120h-016Fh,0190h-01EFh -ASFR0=00h-01Fh \
  -ASFR1=080h-09Fh -ASFR2=0100h-011Fh -ASFR3=0180h-018Fh \
  -preset_vec=00h,intentry,init,end_init -ppowerup=CODE -pcinit=CODE \
  -pfunctab=ENTRY -ACONFIG=02007h-02007h -pconfig=CONFIG -DCONFIG=2 \
  -AIDLOC=02000h-02003h -pidloc=IDLOC -DIDLOC=2 -AEEDATA=00h-0FFh/02100h \
  -peeprom_data=EEDATA -DEEDATA=2 -DCODE=2 -DSTRCODE=2 -DSTRING=2 -DCONST=2 \
  -DENTRY=2 -k C:\Users\LARI_3\AppData\Local\Temp\s1evs.obj \
  dist/default/production\PWM.X.production.obj 

Object code version is 3.11

Machine type is 16F917



                Name                               Link     Load   Length Selector   Space Scale
C:\Users\LARI_3\AppData\Local\Temp\s1evs.obj
                end_init                              0        0        3        0       0
                config                             2007     2007        1     400E       0
dist/default/production\PWM.X.production.obj
                cinit                               7E5      7E5       1B      FCA       0
                text5_split_8                        2A       2A      7BB       54       0
                text5_split_7                       8A6      8A6      132     114C       0
                text5_split_6                      16EB     16EB      115     2DD6       0
                text5_split_5                      1146     1146       8B     228C       0
                text5_split_4                       9D8      9D8      132     13B0       0
                text5_split_3                      14C8     14C8      111     2990       0
                text5_split_2                      11D1     11D1       8D     23A2       0
                text5_split_1                       B0A      B0A      136     1614       0
                text18                             1E37     1E37       19     3C6E       0
                text17                              C40      C40      1BA     1880       0
                text16                              817      817       8F     102E       0
                text15                             105D     105D       74     20BA       0
                text14                             1E1C     1E1C        A     3C38       0
                text13                             1E50     1E50       1F     3CA0       0
                text12                             1F28     1F28       6C     3E50       0
                text11                                9        9       21       12       0
                text10                             13BF     13BF      109     277E       0
                text9                              12EC     12EC       D3     25D8       0
                text8                              125E     125E       8E     24BC       0
                text7                              1004     1004       59     2008       0
                text6                              1EDD     1EDD       4B     3DBA       0
                text5                              15D9     15D9      112     2BB2       0
                text4                              10D1     10D1       75     21A2       0
                text3                              1EA1     1EA1       3C     3D42       0
                text2                              1E6F     1E6F       32     3CDE       0
                text1                              1F94     1F94       6C     3F28       0
                maintext                            DFA      DFA      206     1BF4       0
                cstackBANK0                          20       20       4F       20       1
                cstackCOMMON                         70       70        E       70       1
                cstackBANK1                          A0       A0       44       A0       1
                cstackBANK3                         190      190       1C      190       1
                inittext                           1E26     1E26       11     3C4C       0
                dataBANK3                           1AC      1AC       11      190       1
                bssBANK1                             E4       E4        9       A0       1
                idataBANK3                          806      806       11     100C       0

TOTAL           Name                               Link     Load   Length     Space
        CLASS   STACK          

        CLASS   CODE           
                end_init                              0        0        3         0
                cinit                               7E5      7E5       1B         0
                text5_split_8                        2A       2A      7BB         0
                text5_split_7                       8A6      8A6      132         0
                text5_split_6                      16EB     16EB      115         0
                text5_split_5                      1146     1146       8B         0
                text5_split_4                       9D8      9D8      132         0
                text5_split_3                      14C8     14C8      111         0
                text5_split_2                      11D1     11D1       8D         0
                text5_split_1                       B0A      B0A      136         0
                text18                             1E37     1E37       19         0
                text17                              C40      C40      1BA         0
                text16                              817      817       8F         0
                text15                             105D     105D       74         0
                text14                             1E1C     1E1C        A         0
                text13                             1E50     1E50       1F         0
                text12                             1F28     1F28       6C         0
                text11                                9        9       21         0
                text10                             13BF     13BF      109         0
                text9                              12EC     12EC       D3         0
                text8                              125E     125E       8E         0
                text7                              1004     1004       59         0
                text6                              1EDD     1EDD       4B         0
                text5                              15D9     15D9      112         0
                text4                              10D1     10D1       75         0
                text3                              1EA1     1EA1       3C         0
                text2                              1E6F     1E6F       32         0
                text1                              1F94     1F94       6C         0
                maintext                            DFA      DFA      206         0
                inittext                           1E26     1E26       11         0
                idataBANK3                          806      806       11         0

        CLASS   STRCODE        

        CLASS   STRING         

        CLASS   CONST          

        CLASS   ENTRY          

        CLASS   COMMON         
                cstackCOMMON                         70       70        E         1

        CLASS   BANK0          
                cstackBANK0                          20       20       4F         1

        CLASS   BANK1          
                cstackBANK1                          A0       A0       44         1
                bssBANK1                             E4       E4        9         1

        CLASS   BANK2          

        CLASS   BANK3          
                cstackBANK3                         190      190       1C         1
                dataBANK3                           1AC      1AC       11         1

        CLASS   RAM            

        CLASS   ABS1           
                abs_s1                               7E       7E        2         1

        CLASS   SFR0           

        CLASS   SFR1           

        CLASS   SFR2           

        CLASS   SFR3           

        CLASS   CONFIG         
                config                             2007     2007        1         0

        CLASS   IDLOC          

        CLASS   EEDATA         



SEGMENTS        Name                           Load    Length   Top    Selector   Space  Class     Delta

                reset_vec                      000000  000003  000003         0       0  CODE        2
                text11                         000009  000021  00002A        12       0  CODE        2
                cstackBANK0                    000020  00004F  00006F        20       1  BANK0       1
                text5_split_8                  00002A  0007BB  0007E5        54       0  CODE        2
                cstackCOMMON                   000070  00000E  00007E        70       1  COMMON      1
                cstackBANK1                    0000A0  00004D  0000ED        A0       1  BANK1       1
                cstackBANK3                    000190  00002D  0001BD       190       1  BANK3       1
                cinit                          0007E5  00001B  000800       FCA       0  CODE        2
                idataBANK3                     000806  000011  000817      100C       0  CODE        2
                text16                         000817  00008F  0008A6      102E       0  CODE        2
                text5_split_7                  0008A6  000132  0009D8      114C       0  CODE        2
                text5_split_4                  0009D8  000132  000B0A      13B0       0  CODE        2
                text5_split_1                  000B0A  000136  000C40      1614       0  CODE        2
                text17                         000C40  0001BA  000DFA      1880       0  CODE        2
                maintext                       000DFA  000206  001000      1BF4       0  CODE        2
                text7                          001004  000059  00105D      2008       0  CODE        2
                text15                         00105D  000074  0010D1      20BA       0  CODE        2
                text4                          0010D1  000075  001146      21A2       0  CODE        2
                text5_split_5                  001146  00008B  0011D1      228C       0  CODE        2
                text5_split_2                  0011D1  00008D  00125E      23A2       0  CODE        2
                text8                          00125E  00008E  0012EC      24BC       0  CODE        2
                text9                          0012EC  0000D3  0013BF      25D8       0  CODE        2
                text10                         0013BF  000109  0014C8      277E       0  CODE        2
                text5_split_3                  0014C8  000111  0015D9      2990       0  CODE        2
                text5                          0015D9  000112  0016EB      2BB2       0  CODE        2
                text5_split_6                  0016EB  000115  001800      2DD6       0  CODE        2
                text14                         001E1C  00000A  001E26      3C38       0  CODE        2
                inittext                       001E26  000011  001E37      3C4C       0  CODE        2
                text18                         001E37  000019  001E50      3C6E       0  CODE        2
                text13                         001E50  00001F  001E6F      3CA0       0  CODE        2
                text2                          001E6F  000032  001EA1      3CDE       0  CODE        2
                text3                          001EA1  00003C  001EDD      3D42       0  CODE        2
                text6                          001EDD  00004B  001F28      3DBA       0  CODE        2
                text12                         001F28  00006C  001F94      3E50       0  CODE        2
                text1                          001F94  00006C  002000      3F28       0  CODE        2
                config                         002007  000001  002008      400E       0  CONFIG      2


UNUSED ADDRESS RANGES

        Name                Unused          Largest block    Delta
        BANK0            00006F-00006F                1           1
        BANK1            0000ED-0000EF                3           1
        BANK2            000120-00016F               50           1
        BANK3            0001BD-0001EF               33           1
        CODE             000003-000008                6           2
                         000800-000805                6
                         001000-001003                4
                         001800-001E1B              61C
        CONST            000003-000008                6           2
                         000800-000805                6
                         001000-001003                4
                         001800-001E1B              100
        EEDATA           002100-0021FF              100           2
        ENTRY            000003-000008                6           2
                         000800-000805                6
                         001000-001003                4
                         001800-001E1B              100
        IDLOC            002000-002003                4           2
        RAM              00006F-00006F                1           1
                         0000ED-0000EF                3
                         000120-00016F               50
                         0001BD-0001EF               33
        SFR0             000000-00001F               20           1
        SFR1             000080-00009F               20           1
        SFR2             000100-00011F               20           1
        SFR3             000180-00018F               10           1
        STACK            000120-00016F               50           1
        STRCODE          000003-000008                6           2
                         000800-000805                6
                         001000-001003                4
                         001800-001E1B              61C
        STRING           000003-000008                6           2
                         000800-000805                6
                         001000-001003                4
                         001800-001E1B              100

                                  Symbol Table

?___aldiv                 cstackCOMMON 000070
?___awdiv                 cstackCOMMON 000070
?___awmod                 cstackCOMMON 000070
?___awtoft                cstackCOMMON 000078
?___ftadd                 cstackBANK0  000030
?___ftmul                 cstackBANK0  000020
?___ftpack                cstackCOMMON 000070
?___fttol                 cstackBANK0  00003D
?___lwdiv                 cstackCOMMON 000070
?___lwmod                 cstackCOMMON 000070
LCD_mapping@D1            cstackCOMMON 000074
LCD_mapping@D2            cstackCOMMON 000070
LCD_mapping@D3            cstackCOMMON 000071
UART_Init@baudrate        cstackBANK0  000026
UART_Init@x               cstackCOMMON 000079
UART_Write@data           cstackCOMMON 000070
UART_Write_Text@i         cstackCOMMON 000072
UART_Write_Text@text      cstackCOMMON 000074
_ADCON0                   (abs)        00001F
_ADCON1                   (abs)        00009F
_ADRESH                   (abs)        00001E
_ADRESL                   (abs)        00009E
_ANSEL                    (abs)        000091
_BRGH                     (abs)        0004C2
_CCP2CON                  (abs)        00001D
_CCPR2L                   (abs)        00001B
_CMCON0                   (abs)        00009C
_CREN                     (abs)        0000C4
_GO_nDONE                 (abs)        0000F9
_INTCON                   (abs)        00000B
_LCDCON                   (abs)        000107
_LCDDATA0                 (abs)        000110
_LCDDATA1                 (abs)        000111
_LCDDATA10                (abs)        00011A
_LCDDATA11                (abs)        00011B
_LCDDATA2                 (abs)        000112
_LCDDATA3                 (abs)        000113
_LCDDATA4                 (abs)        000114
_LCDDATA5                 (abs)        000115
_LCDDATA6                 (abs)        000116
_LCDDATA7                 (abs)        000117
_LCDDATA8                 (abs)        000118
_LCDDATA9                 (abs)        000119
_LCDPS                    (abs)        000108
_LCDSE0                   (abs)        00011C
_LCDSE1                   (abs)        00011D
_LCDSE2                   (abs)        00011E
_LCD_init                 text18       001E37
_LCD_mapping              text17       000C40
_OSCCON                   (abs)        00008F
_PORTD                    (abs)        000008
_PR2                      (abs)        000092
_RCIF                     (abs)        000065
_RCREG                    (abs)        00001A
_RD7                      (abs)        000047
_SPBRG                    (abs)        000099
_SPEN                     (abs)        0000C7
_SYNC                     (abs)        0004C4
_T1CON                    (abs)        000010
_T1SYNC                   (abs)        000082
_T2CON                    (abs)        000012
_TMR1CS                   (abs)        000081
_TMR1H                    (abs)        00000F
_TMR1L                    (abs)        00000E
_TMR1ON                   (abs)        000080
_TRISA                    (abs)        000085
_TRISC                    (abs)        000087
_TRISC6                   (abs)        00043E
_TRISC7                   (abs)        00043F
_TRISD                    (abs)        000088
_TRMT                     (abs)        0004C1
_TXEN                     (abs)        0004C5
_TXREG                    (abs)        000019
_UART_Init                text15       00105D
_UART_Write               text14       001E1C
_UART_Write_Text          text13       001E50
__CFG_BOREN$ON            (abs)        000000
__CFG_CP$OFF              (abs)        000000
__CFG_CPD$OFF             (abs)        000000
__CFG_FCMEN$ON            (abs)        000000
__CFG_FOSC$INTOSCIO       (abs)        000000
__CFG_IESO$ON             (abs)        000000
__CFG_MCLRE$ON            (abs)        000000
__CFG_PWRTE$OFF           (abs)        000000
__CFG_WDTE$OFF            (abs)        000000
__Habs1                   abs1         000000
__Hbank0                  bank0        000000
__Hbank1                  bank1        000000
__Hbank2                  bank2        000000
__Hbank3                  bank3        000000
__HbssBANK1               bssBANK1     000000
__Hcinit                  cinit        000800
__Hclrtext                clrtext      000000
__Hcode                   code         000000
__Hcommon                 common       000000
__Hconfig                 config       002008
__HcstackBANK0            cstackBANK0  000000
__HcstackBANK1            cstackBANK1  000000
__HcstackBANK3            cstackBANK3  000000
__HcstackCOMMON           cstackCOMMON 000000
__HdataBANK3              dataBANK3    000000
__Heeprom_data            eeprom_data  000000
__Hend_init               end_init     000003
__Hfunctab                functab      000000
__HidataBANK3             idataBANK3   000000
__Hidloc                  idloc        000000
__Hinit                   init         000000
__Hinittext               inittext     000000
__Hintentry               intentry     000000
__Hmaintext               maintext     000000
__Hpowerup                powerup      000000
__Hram                    ram          000000
__Hreset_vec              reset_vec    000000
__Hsfr0                   sfr0         000000
__Hsfr1                   sfr1         000000
__Hsfr2                   sfr2         000000
__Hsfr3                   sfr3         000000
__Hspace_0                (abs)        002008
__Hspace_1                (abs)        0001BD
__Hspace_2                (abs)        000000
__Hspace_3                (abs)        000000
__Hstack                  stack        000000
__Hstrings                strings      000000
__Htext                   text         000000
__Labs1                   abs1         000000
__Lbank0                  bank0        000000
__Lbank1                  bank1        000000
__Lbank2                  bank2        000000
__Lbank3                  bank3        000000
__LbssBANK1               bssBANK1     000000
__Lcinit                  cinit        0007E5
__Lclrtext                clrtext      000000
__Lcode                   code         000000
__Lcommon                 common       000000
__Lconfig                 config       002007
__LcstackBANK0            cstackBANK0  000000
__LcstackBANK1            cstackBANK1  000000
__LcstackBANK3            cstackBANK3  000000
__LcstackCOMMON           cstackCOMMON 000000
__LdataBANK3              dataBANK3    000000
__Leeprom_data            eeprom_data  000000
__Lend_init               end_init     000000
__Lfunctab                functab      000000
__LidataBANK3             idataBANK3   000000
__Lidloc                  idloc        000000
__Linit                   init         000000
__Linittext               inittext     000000
__Lintentry               intentry     000000
__Lmaintext               maintext     000000
__Lpowerup                powerup      000000
__Lram                    ram          000000
__Lreset_vec              reset_vec    000000
__Lsfr0                   sfr0         000000
__Lsfr1                   sfr1         000000
__Lsfr2                   sfr2         000000
__Lsfr3                   sfr3         000000
__Lspace_0                (abs)        000000
__Lspace_1                (abs)        000000
__Lspace_2                (abs)        000000
__Lspace_3                (abs)        000000
__Lstack                  stack        000000
__Lstrings                strings      000000
__Ltext                   text         000000
__S0                      (abs)        002008
__S1                      (abs)        0001BD
__S2                      (abs)        000000
__S3                      (abs)        000000
___aldiv                  text16       000817
___aldiv@counter          cstackBANK0  000020
___aldiv@dividend         cstackCOMMON 000074
___aldiv@divisor          cstackCOMMON 000070
___aldiv@quotient         cstackBANK0  000022
___aldiv@sign             cstackBANK0  000021
___awdiv                  text7        001004
___awdiv@counter          cstackCOMMON 000075
___awdiv@dividend         cstackCOMMON 000072
___awdiv@divisor          cstackCOMMON 000070
___awdiv@quotient         cstackCOMMON 000077
___awdiv@sign             cstackCOMMON 000076
___awmod                  text6        001EDD
___awmod@counter          cstackCOMMON 000075
___awmod@dividend         cstackCOMMON 000072
___awmod@divisor          cstackCOMMON 000070
___awmod@sign             cstackCOMMON 000076
___awtoft                 text11       000009
___awtoft@c               cstackCOMMON 000078
___awtoft@sign            cstackCOMMON 00007D
___ftadd                  text10       0013BF
___ftadd@exp1             cstackBANK0  00003C
___ftadd@exp2             cstackBANK0  00003B
___ftadd@f1               cstackBANK0  000030
___ftadd@f2               cstackBANK0  000033
___ftadd@sign             cstackBANK0  00003A
___ftmul                  text9        0012EC
___ftmul@cntr             cstackBANK0  00002E
___ftmul@exp              cstackBANK0  00002A
___ftmul@f1               cstackBANK0  000020
___ftmul@f2               cstackBANK0  000023
___ftmul@f3_as_product    cstackBANK0  00002B
___ftmul@sign             cstackBANK0  00002F
___ftpack                 text12       001F28
___ftpack@arg             cstackCOMMON 000070
___ftpack@exp             cstackCOMMON 000073
___ftpack@sign            cstackCOMMON 000074
___fttol                  text8        00125E
___fttol@exp1             cstackBANK0  00004A
___fttol@f1               cstackBANK0  00003D
___fttol@lval             cstackBANK0  000046
___fttol@sign1            cstackBANK0  000045
___int_sp                 stack        000000
___latbits                (abs)        000002
___lwdiv                  text3        001EA1
___lwdiv@counter          cstackCOMMON 000077
___lwdiv@dividend         cstackCOMMON 000072
___lwdiv@divisor          cstackCOMMON 000070
___lwdiv@quotient         cstackCOMMON 000075
___lwmod                  text2        001E6F
___lwmod@counter          cstackCOMMON 000075
___lwmod@dividend         cstackCOMMON 000072
___lwmod@divisor          cstackCOMMON 000070
___sp                     stack        000000
__end_of_LCD_init         text18       001E50
__end_of_LCD_mapping      text17       000DFA
__end_of_UART_Init        text15       0010D1
__end_of_UART_Write       text14       001E26
__end_of_UART_Write_Text  text13       001E6F
__end_of___aldiv          text16       0008A6
__end_of___awdiv          text7        00105D
__end_of___awmod          text6        001F28
__end_of___awtoft         text11       00002A
__end_of___ftadd          text10       0014C8
__end_of___ftmul          text9        0013BF
__end_of___ftpack         text12       001F94
__end_of___fttol          text8        0012EC
__end_of___lwdiv          text3        001EDD
__end_of___lwmod          text2        001EA1
__end_of__initialization  cinit        0007FC
__end_of_displayDigit     text5_split_8 0007D3
__end_of_displayNumber    text4        001146
__end_of_main             maintext     001000
__end_of_utoa             text1        002000
__initialization          cinit        0007E5
__pbssBANK1               bssBANK1     0000E4
__pcstackBANK0            cstackBANK0  000020
__pcstackBANK1            cstackBANK1  0000A0
__pcstackBANK3            cstackBANK3  000190
__pcstackCOMMON           cstackCOMMON 000070
__pdataBANK3              dataBANK3    0001AC
__pidataBANK3             idataBANK3   000806
__pmaintext               maintext     000DFA
__ptext1                  text1        001F94
__ptext10                 text10       0013BF
__ptext11                 text11       000009
__ptext12                 text12       001F28
__ptext13                 text13       001E50
__ptext14                 text14       001E1C
__ptext15                 text15       00105D
__ptext16                 text16       000817
__ptext17                 text17       000C40
__ptext18                 text18       001E37
__ptext2                  text2        001E6F
__ptext3                  text3        001EA1
__ptext4                  text4        0010D1
__ptext5                  text5        0015D9
__ptext6                  text6        001EDD
__ptext7                  text7        001004
__ptext8                  text8        00125E
__ptext9                  text9        0012EC
__size_of_LCD_init        (abs)        000000
__size_of_LCD_mapping     (abs)        000000
__size_of_UART_Init       (abs)        000000
__size_of_UART_Write      (abs)        000000
__size_of_UART_Write_Text (abs)        000000
__size_of___aldiv         (abs)        000000
__size_of___awdiv         (abs)        000000
__size_of___awmod         (abs)        000000
__size_of___awtoft        (abs)        000000
__size_of___ftadd         (abs)        000000
__size_of___ftmul         (abs)        000000
__size_of___ftpack        (abs)        000000
__size_of___fttol         (abs)        000000
__size_of___lwdiv         (abs)        000000
__size_of___lwmod         (abs)        000000
__size_of_displayDigit    (abs)        000000
__size_of_displayNumber   (abs)        000000
__size_of_main            (abs)        000000
__size_of_utoa            (abs)        000000
_displayDigit             text5        0015D9
_displayNumber            text4        0010D1
_main                     maintext     000DFA
_main$659                 cstackBANK0  00006A
_utoa                     text1        001F94
btemp                     (abs)        00007E
displayDigit@D1           cstackCOMMON 00007B
displayDigit@digito       cstackCOMMON 000079
displayNumber@D1          cstackBANK0  00002B
displayNumber@D2          cstackBANK0  00002C
displayNumber@D3          cstackBANK0  00002D
displayNumber@num         cstackBANK0  000029
end_of_initialization     cinit        0007FC
init_fetch0               inittext     001E26
init_ram0                 inittext     001E2A
intlevel0                 functab      000000
intlevel1                 functab      000000
intlevel2                 functab      000000
intlevel3                 functab      000000
intlevel4                 functab      000000
intlevel5                 functab      000000
main@D                    cstackBANK1  0000A2
main@D1                   cstackBANK1  0000AC
main@D2                   cstackBANK1  0000C8
main@D3                   cstackBANK3  000190
main@F2791                dataBANK3    0001AC
main@I                    cstackBANK1  0000A6
main@P                    cstackBANK1  0000A0
main@PID_v                cstackBANK1  0000A4
main@desejado             cstackBANK0  00006D
main@duty_cycle           cstackBANK0  000060
main@error                cstackBANK1  0000A8
main@kd                   cstackBANK0  000064
main@ki                   cstackBANK0  000061
main@kp                   cstackBANK0  000067
main@str                  cstackBANK0  00004F
main@timer1               cstackBANK1  0000AA
pnum$text5                (abs)        000010
pnum$text5_split_1        (abs)        00001E
pnum$text5_split_2        (abs)        00001F
pnum$text5_split_3        (abs)        000020
pnum$text5_split_4        (abs)        000021
pnum$text5_split_5        (abs)        000022
pnum$text5_split_6        (abs)        000023
pnum$text5_split_7        (abs)        000024
pnum$text5_split_8        (abs)        000025
psplit$0                  (abs)        10001E
psplit$1                  (abs)        1E001F
psplit$2                  (abs)        1F0020
psplit$3                  (abs)        200021
psplit$4                  (abs)        210022
psplit$5                  (abs)        220023
psplit$6                  (abs)        230024
psplit$7                  (abs)        240025
reset_vec                 reset_vec    000000
stackhi                   (abs)        000000
stacklo                   (abs)        000000
start                     init         000000
start_initialization      cinit        0007E5
utoa@base                 cstackCOMMON 00007A
utoa@buf                  cstackBANK0  000023
utoa@c                    cstackBANK0  000022
utoa@v                    cstackBANK0  000020
utoa@val                  cstackCOMMON 000078
wtemp0                    (abs)        00007E


FUNCTION INFORMATION:

 *************** function _main *****************
 Defined at:
		line 72 in file "main.c"
 Parameters:    Size  Location     Type
		None
 Auto vars:     Size  Location     Type
  D3             28    0[BANK3 ] struct .
  D2             28   40[BANK1 ] struct .
  D1             28   12[BANK1 ] struct .
  str            17   47[BANK0 ] unsigned char [17]
  kp              3   71[BANK0 ] float 
  kd              3   68[BANK0 ] float 
  ki              3   65[BANK0 ] float 
  timer1          2   10[BANK1 ] unsigned int 
  error           2    8[BANK1 ] int 
  I               2    6[BANK1 ] int 
  PID_v           2    4[BANK1 ] int 
  D               2    2[BANK1 ] int 
  P               2    0[BANK1 ] int 
  desejado        2   77[BANK0 ] int 
  duty_cycle      1   64[BANK0 ] unsigned char 
 Return value:  Size  Location     Type
                  1    wreg      void 
 Registers used:
		wreg, fsr0l, fsr0h, status,2, status,0, pclath, cstack
 Tracked objects:
		On entry : 
		On exit  : 
		Unchanged: 
 Data sizes:     COMMON   BANK0   BANK1   BANK3   BANK2
      Params:         0       0       0       0       0
      Locals:         0      32      68      28       0
      Temps:          0       4       0       0       0
      Totals:         0      36      68      28       0
Total ram usage:      132 bytes
 Hardware stack levels required when called:    2
 This function calls:
		_LCD_init
		_LCD_mapping
		_UART_Init
		_UART_Write
		_UART_Write_Text
		___awtoft
		___ftadd
		___ftmul
		___fttol
		_displayNumber
		_utoa
 This function is called by:
		Startup code after reset
 This function uses a non-reentrant model


 *************** function _utoa *****************
 Defined at:
		line 17 in file "C:\Program Files (x86)\Microchip\xc8\v1.43\sources\common\itoa.c"
 Parameters:    Size  Location     Type
  buf             1    wreg     PTR unsigned char 
		 -> main@str(17), 
  val             2    8[COMMON] unsigned int 
  base            2   10[COMMON] int 
 Auto vars:     Size  Location     Type
  buf             1    3[BANK0 ] PTR unsigned char 
		 -> main@str(17), 
  v               2    0[BANK0 ] unsigned int 
  c               1    2[BANK0 ] unsigned char 
 Return value:  Size  Location     Type
                  1    wreg      PTR unsigned char 
 Registers used:
		wreg, fsr0l, fsr0h, status,2, status,0, pclath, cstack
 Tracked objects:
		On entry : 
		On exit  : 
		Unchanged: 
 Data sizes:     COMMON   BANK0   BANK1   BANK3   BANK2
      Params:         4       0       0       0       0
      Locals:         0       4       0       0       0
      Temps:          1       0       0       0       0
      Totals:         5       4       0       0       0
Total ram usage:        9 bytes
 Hardware stack levels used:    1
 Hardware stack levels required when called:    1
 This function calls:
		___lwdiv
		___lwmod
 This function is called by:
		_main
 This function uses a non-reentrant model


 *************** function ___lwmod *****************
 Defined at:
		line 6 in file "C:\Program Files (x86)\Microchip\xc8\v1.43\sources\common\lwmod.c"
 Parameters:    Size  Location     Type
  divisor         2    0[COMMON] unsigned int 
  dividend        2    2[COMMON] unsigned int 
 Auto vars:     Size  Location     Type
  counter         1    5[COMMON] unsigned char 
 Return value:  Size  Location     Type
                  2    0[COMMON] unsigned int 
 Registers used:
		wreg, status,2, status,0
 Tracked objects:
		On entry : 
		On exit  : 
		Unchanged: 
 Data sizes:     COMMON   BANK0   BANK1   BANK3   BANK2
      Params:         4       0       0       0       0
      Locals:         1       0       0       0       0
      Temps:          1       0       0       0       0
      Totals:         6       0       0       0       0
Total ram usage:        6 bytes
 Hardware stack levels used:    1
 This function calls:
		Nothing
 This function is called by:
		_utoa
 This function uses a non-reentrant model


 *************** function ___lwdiv *****************
 Defined at:
		line 6 in file "C:\Program Files (x86)\Microchip\xc8\v1.43\sources\common\lwdiv.c"
 Parameters:    Size  Location     Type
  divisor         2    0[COMMON] unsigned int 
  dividend        2    2[COMMON] unsigned int 
 Auto vars:     Size  Location     Type
  quotient        2    5[COMMON] unsigned int 
  counter         1    7[COMMON] unsigned char 
 Return value:  Size  Location     Type
                  2    0[COMMON] unsigned int 
 Registers used:
		wreg, status,2, status,0
 Tracked objects:
		On entry : 
		On exit  : 
		Unchanged: 
 Data sizes:     COMMON   BANK0   BANK1   BANK3   BANK2
      Params:         4       0       0       0       0
      Locals:         3       0       0       0       0
      Temps:          1       0       0       0       0
      Totals:         8       0       0       0       0
Total ram usage:        8 bytes
 Hardware stack levels used:    1
 This function calls:
		Nothing
 This function is called by:
		_utoa
 This function uses a non-reentrant model


 *************** function _displayNumber *****************
 Defined at:
		line 69 in file "lcd.c"
 Parameters:    Size  Location     Type
  num             2    9[BANK0 ] int 
  D1              1   11[BANK0 ] PTR struct .
		 -> main@D1(28), 
  D2              1   12[BANK0 ] PTR struct .
		 -> main@D2(28), 
  D3              1   13[BANK0 ] PTR struct .
		 -> main@D3(28), 
 Auto vars:     Size  Location     Type
		None
 Return value:  Size  Location     Type
                  1    wreg      void 
 Registers used:
		wreg, fsr0l, fsr0h, status,2, status,0, pclath, cstack
 Tracked objects:
		On entry : 
		On exit  : 
		Unchanged: 
 Data sizes:     COMMON   BANK0   BANK1   BANK3   BANK2
      Params:         0       5       0       0       0
      Locals:         0       0       0       0       0
      Temps:          0       0       0       0       0
      Totals:         0       5       0       0       0
Total ram usage:        5 bytes
 Hardware stack levels used:    1
 Hardware stack levels required when called:    1
 This function calls:
		___awdiv
		___awmod
		_displayDigit
 This function is called by:
		_main
 This function uses a non-reentrant model


 *************** function _displayDigit *****************
 Defined at:
		line 83 in file "lcd.c"
 Parameters:    Size  Location     Type
  digito          2    9[COMMON] int 
  D1              2   11[COMMON] PTR struct .
		 -> main@D3(28), main@D2(28), main@D1(28), 
 Auto vars:     Size  Location     Type
		None
 Return value:  Size  Location     Type
                  1    wreg      void 
 Registers used:
		wreg, fsr0l, fsr0h, status,2, status,0
 Tracked objects:
		On entry : 
		On exit  : 
		Unchanged: 
 Data sizes:     COMMON   BANK0   BANK1   BANK3   BANK2
      Params:         4       0       0       0       0
      Locals:         0       0       0       0       0
      Temps:          0       9       0       0       0
      Totals:         4       9       0       0       0
Total ram usage:       13 bytes
 Hardware stack levels used:    1
 This function calls:
		Nothing
 This function is called by:
		_displayNumber
 This function uses a non-reentrant model


 *************** function ___awmod *****************
 Defined at:
		line 6 in file "C:\Program Files (x86)\Microchip\xc8\v1.43\sources\common\awmod.c"
 Parameters:    Size  Location     Type
  divisor         2    0[COMMON] int 
  dividend        2    2[COMMON] int 
 Auto vars:     Size  Location     Type
  sign            1    6[COMMON] unsigned char 
  counter         1    5[COMMON] unsigned char 
 Return value:  Size  Location     Type
                  2    0[COMMON] int 
 Registers used:
		wreg, status,2, status,0
 Tracked objects:
		On entry : 
		On exit  : 
		Unchanged: 
 Data sizes:     COMMON   BANK0   BANK1   BANK3   BANK2
      Params:         4       0       0       0       0
      Locals:         2       0       0       0       0
      Temps:          1       0       0       0       0
      Totals:         7       0       0       0       0
Total ram usage:        7 bytes
 Hardware stack levels used:    1
 This function calls:
		Nothing
 This function is called by:
		_displayNumber
 This function uses a non-reentrant model


 *************** function ___awdiv *****************
 Defined at:
		line 6 in file "C:\Program Files (x86)\Microchip\xc8\v1.43\sources\common\awdiv.c"
 Parameters:    Size  Location     Type
  divisor         2    0[COMMON] int 
  dividend        2    2[COMMON] int 
 Auto vars:     Size  Location     Type
  quotient        2    7[COMMON] int 
  sign            1    6[COMMON] unsigned char 
  counter         1    5[COMMON] unsigned char 
 Return value:  Size  Location     Type
                  2    0[COMMON] int 
 Registers used:
		wreg, status,2, status,0
 Tracked objects:
		On entry : 
		On exit  : 
		Unchanged: 
 Data sizes:     COMMON   BANK0   BANK1   BANK3   BANK2
      Params:         4       0       0       0       0
      Locals:         4       0       0       0       0
      Temps:          1       0       0       0       0
      Totals:         9       0       0       0       0
Total ram usage:        9 bytes
 Hardware stack levels used:    1
 This function calls:
		Nothing
 This function is called by:
		_displayNumber
 This function uses a non-reentrant model


 *************** function ___fttol *****************
 Defined at:
		line 44 in file "C:\Program Files (x86)\Microchip\xc8\v1.43\sources\common\fttol.c"
 Parameters:    Size  Location     Type
  f1              3   29[BANK0 ] float 
 Auto vars:     Size  Location     Type
  lval            4   38[BANK0 ] unsigned long 
  exp1            1   42[BANK0 ] unsigned char 
  sign1           1   37[BANK0 ] unsigned char 
 Return value:  Size  Location     Type
                  4   29[BANK0 ] long 
 Registers used:
		wreg, status,2, status,0
 Tracked objects:
		On entry : 
		On exit  : 
		Unchanged: 
 Data sizes:     COMMON   BANK0   BANK1   BANK3   BANK2
      Params:         0       4       0       0       0
      Locals:         0       6       0       0       0
      Temps:          0       4       0       0       0
      Totals:         0      14       0       0       0
Total ram usage:       14 bytes
 Hardware stack levels used:    1
 This function calls:
		Nothing
 This function is called by:
		_main
 This function uses a non-reentrant model


 *************** function ___ftmul *****************
 Defined at:
		line 62 in file "C:\Program Files (x86)\Microchip\xc8\v1.43\sources\common\ftmul.c"
 Parameters:    Size  Location     Type
  f1              3    0[BANK0 ] float 
  f2              3    3[BANK0 ] float 
 Auto vars:     Size  Location     Type
  f3_as_produc    3   11[BANK0 ] unsigned um
  sign            1   15[BANK0 ] unsigned char 
  cntr            1   14[BANK0 ] unsigned char 
  exp             1   10[BANK0 ] unsigned char 
 Return value:  Size  Location     Type
                  3    0[BANK0 ] float 
 Registers used:
		wreg, status,2, status,0, pclath, cstack
 Tracked objects:
		On entry : 
		On exit  : 
		Unchanged: 
 Data sizes:     COMMON   BANK0   BANK1   BANK3   BANK2
      Params:         0       6       0       0       0
      Locals:         0       6       0       0       0
      Temps:          0       4       0       0       0
      Totals:         0      16       0       0       0
Total ram usage:       16 bytes
 Hardware stack levels used:    1
 Hardware stack levels required when called:    1
 This function calls:
		___ftpack
 This function is called by:
		_main
 This function uses a non-reentrant model


 *************** function ___ftadd *****************
 Defined at:
		line 86 in file "C:\Program Files (x86)\Microchip\xc8\v1.43\sources\common\ftadd.c"
 Parameters:    Size  Location     Type
  f1              3   16[BANK0 ] float 
  f2              3   19[BANK0 ] float 
 Auto vars:     Size  Location     Type
  exp1            1   28[BANK0 ] unsigned char 
  exp2            1   27[BANK0 ] unsigned char 
  sign            1   26[BANK0 ] unsigned char 
 Return value:  Size  Location     Type
                  3   16[BANK0 ] float 
 Registers used:
		wreg, status,2, status,0, pclath, cstack
 Tracked objects:
		On entry : 
		On exit  : 
		Unchanged: 
 Data sizes:     COMMON   BANK0   BANK1   BANK3   BANK2
      Params:         0       6       0       0       0
      Locals:         0       3       0       0       0
      Temps:          0       4       0       0       0
      Totals:         0      13       0       0       0
Total ram usage:       13 bytes
 Hardware stack levels used:    1
 Hardware stack levels required when called:    1
 This function calls:
		___ftpack
 This function is called by:
		_main
 This function uses a non-reentrant model


 *************** function ___awtoft *****************
 Defined at:
		line 32 in file "C:\Program Files (x86)\Microchip\xc8\v1.43\sources\common\awtoft.c"
 Parameters:    Size  Location     Type
  c               2    8[COMMON] int 
 Auto vars:     Size  Location     Type
  sign            1   13[COMMON] unsigned char 
 Return value:  Size  Location     Type
                  3    8[COMMON] float 
 Registers used:
		wreg, status,2, status,0, pclath, cstack
 Tracked objects:
		On entry : 
		On exit  : 
		Unchanged: 
 Data sizes:     COMMON   BANK0   BANK1   BANK3   BANK2
      Params:         3       0       0       0       0
      Locals:         1       0       0       0       0
      Temps:          2       0       0       0       0
      Totals:         6       0       0       0       0
Total ram usage:        6 bytes
 Hardware stack levels used:    1
 Hardware stack levels required when called:    1
 This function calls:
		___ftpack
 This function is called by:
		_main
 This function uses a non-reentrant model


 *************** function ___ftpack *****************
 Defined at:
		line 62 in file "C:\Program Files (x86)\Microchip\xc8\v1.43\sources\common\float.c"
 Parameters:    Size  Location     Type
  arg             3    0[COMMON] unsigned um
  exp             1    3[COMMON] unsigned char 
  sign            1    4[COMMON] unsigned char 
 Auto vars:     Size  Location     Type
		None
 Return value:  Size  Location     Type
                  3    0[COMMON] float 
 Registers used:
		wreg, status,2, status,0
 Tracked objects:
		On entry : 
		On exit  : 
		Unchanged: 
 Data sizes:     COMMON   BANK0   BANK1   BANK3   BANK2
      Params:         5       0       0       0       0
      Locals:         0       0       0       0       0
      Temps:          3       0       0       0       0
      Totals:         8       0       0       0       0
Total ram usage:        8 bytes
 Hardware stack levels used:    1
 This function calls:
		Nothing
 This function is called by:
		___awtoft
		___ftadd
		___ftmul
 This function uses a non-reentrant model


 *************** function _UART_Write_Text *****************
 Defined at:
		line 66 in file "main.c"
 Parameters:    Size  Location     Type
  text            1    wreg     PTR unsigned char 
		 -> main@str(17), 
 Auto vars:     Size  Location     Type
  text            1    4[COMMON] PTR unsigned char 
		 -> main@str(17), 
  i               2    2[COMMON] int 
 Return value:  Size  Location     Type
                  1    wreg      void 
 Registers used:
		wreg, fsr0l, fsr0h, status,2, status,0, pclath, cstack
 Tracked objects:
		On entry : 
		On exit  : 
		Unchanged: 
 Data sizes:     COMMON   BANK0   BANK1   BANK3   BANK2
      Params:         0       0       0       0       0
      Locals:         3       0       0       0       0
      Temps:          1       0       0       0       0
      Totals:         4       0       0       0       0
Total ram usage:        4 bytes
 Hardware stack levels used:    1
 Hardware stack levels required when called:    1
 This function calls:
		_UART_Write
 This function is called by:
		_main
 This function uses a non-reentrant model


 *************** function _UART_Write *****************
 Defined at:
		line 46 in file "main.c"
 Parameters:    Size  Location     Type
  data            1    wreg     unsigned char 
 Auto vars:     Size  Location     Type
  data            1    0[COMMON] unsigned char 
 Return value:  Size  Location     Type
                  1    wreg      void 
 Registers used:
		wreg
 Tracked objects:
		On entry : 
		On exit  : 
		Unchanged: 
 Data sizes:     COMMON   BANK0   BANK1   BANK3   BANK2
      Params:         0       0       0       0       0
      Locals:         1       0       0       0       0
      Temps:          0       0       0       0       0
      Totals:         1       0       0       0       0
Total ram usage:        1 bytes
 Hardware stack levels used:    1
 This function calls:
		Nothing
 This function is called by:
		_UART_Write_Text
		_main
 This function uses a non-reentrant model


 *************** function _UART_Init *****************
 Defined at:
		line 30 in file "main.c"
 Parameters:    Size  Location     Type
  baudrate        4    6[BANK0 ] const long 
 Auto vars:     Size  Location     Type
  x               2    9[COMMON] unsigned int 
 Return value:  Size  Location     Type
                  1    wreg      unsigned char 
 Registers used:
		wreg, status,2, status,0, pclath, cstack
 Tracked objects:
		On entry : 
		On exit  : 
		Unchanged: 
 Data sizes:     COMMON   BANK0   BANK1   BANK3   BANK2
      Params:         0       4       0       0       0
      Locals:         2       0       0       0       0
      Temps:          0      12       0       0       0
      Totals:         2      16       0       0       0
Total ram usage:       18 bytes
 Hardware stack levels used:    1
 Hardware stack levels required when called:    1
 This function calls:
		___aldiv
 This function is called by:
		_main
 This function uses a non-reentrant model


 *************** function ___aldiv *****************
 Defined at:
		line 6 in file "C:\Program Files (x86)\Microchip\xc8\v1.43\sources\common\aldiv.c"
 Parameters:    Size  Location     Type
  divisor         4    0[COMMON] long 
  dividend        4    4[COMMON] long 
 Auto vars:     Size  Location     Type
  quotient        4    2[BANK0 ] long 
  sign            1    1[BANK0 ] unsigned char 
  counter         1    0[BANK0 ] unsigned char 
 Return value:  Size  Location     Type
                  4    0[COMMON] long 
 Registers used:
		wreg, status,2, status,0
 Tracked objects:
		On entry : 
		On exit  : 
		Unchanged: 
 Data sizes:     COMMON   BANK0   BANK1   BANK3   BANK2
      Params:         8       0       0       0       0
      Locals:         0       6       0       0       0
      Temps:          1       0       0       0       0
      Totals:         9       6       0       0       0
Total ram usage:       15 bytes
 Hardware stack levels used:    1
 This function calls:
		Nothing
 This function is called by:
		_UART_Init
 This function uses a non-reentrant model


 *************** function _LCD_mapping *****************
 Defined at:
		line 9 in file "lcd.c"
 Parameters:    Size  Location     Type
  D1              1    wreg     PTR struct .
		 -> main@D1(28), 
  D2              1    0[COMMON] PTR struct .
		 -> main@D2(28), 
  D3              1    1[COMMON] PTR struct .
		 -> main@D3(28), 
 Auto vars:     Size  Location     Type
  D1              1    4[COMMON] PTR struct .
		 -> main@D1(28), 
 Return value:  Size  Location     Type
                  1    wreg      void 
 Registers used:
		wreg, fsr0l, fsr0h, status,2, status,0
 Tracked objects:
		On entry : 
		On exit  : 
		Unchanged: 
 Data sizes:     COMMON   BANK0   BANK1   BANK3   BANK2
      Params:         2       0       0       0       0
      Locals:         1       0       0       0       0
      Temps:          2       0       0       0       0
      Totals:         5       0       0       0       0
Total ram usage:        5 bytes
 Hardware stack levels used:    1
 This function calls:
		Nothing
 This function is called by:
		_main
 This function uses a non-reentrant model


 *************** function _LCD_init *****************
 Defined at:
		line 38 in file "lcd.c"
 Parameters:    Size  Location     Type
		None
 Auto vars:     Size  Location     Type
		None
 Return value:  Size  Location     Type
                  1    wreg      void 
 Registers used:
		wreg, status,2
 Tracked objects:
		On entry : 
		On exit  : 
		Unchanged: 
 Data sizes:     COMMON   BANK0   BANK1   BANK3   BANK2
      Params:         0       0       0       0       0
      Locals:         0       0       0       0       0
      Temps:          0       0       0       0       0
      Totals:         0       0       0       0       0
Total ram usage:        0 bytes
 Hardware stack levels used:    1
 This function calls:
		Nothing
 This function is called by:
		_main
 This function uses a non-reentrant model



MODULE INFORMATION

Module		Function		Class		Link	Load	Size
C:\Program Files (x86)\Microchip\xc8\v1.43\sources\common\ftmul.c
		___ftmul       		CODE           	12EC	0000	212

C:\Program Files (x86)\Microchip\xc8\v1.43\sources\common\ftmul.c estimated size: 212

C:\Program Files (x86)\Microchip\xc8\v1.43\sources\common\lwdiv.c
		___lwdiv       		CODE           	1EA1	0000	61

C:\Program Files (x86)\Microchip\xc8\v1.43\sources\common\lwdiv.c estimated size: 61

C:\Program Files (x86)\Microchip\xc8\v1.43\sources\common\awdiv.c
		___awdiv       		CODE           	1004	0000	90

C:\Program Files (x86)\Microchip\xc8\v1.43\sources\common\awdiv.c estimated size: 90

C:\Program Files (x86)\Microchip\xc8\v1.43\sources\common\awtoft.c
		___awtoft      		CODE           	0009	0000	34

C:\Program Files (x86)\Microchip\xc8\v1.43\sources\common\awtoft.c estimated size: 34

C:\Program Files (x86)\Microchip\xc8\v1.43\sources\common\fttol.c
		___fttol       		CODE           	125E	0000	143

C:\Program Files (x86)\Microchip\xc8\v1.43\sources\common\fttol.c estimated size: 143

C:\Program Files (x86)\Microchip\xc8\v1.43\sources\common\ftadd.c
		___ftadd       		CODE           	13BF	0000	266

C:\Program Files (x86)\Microchip\xc8\v1.43\sources\common\ftadd.c estimated size: 266

C:\Program Files (x86)\Microchip\xc8\v1.43\sources\common\aldiv.c
		___aldiv       		CODE           	0817	0000	144

C:\Program Files (x86)\Microchip\xc8\v1.43\sources\common\aldiv.c estimated size: 144

shared
		__initialization		CODE           	07E5	0000	24

shared estimated size: 24

lcd.c
		_displayDigit  		CODE           	15D9	0000	3988
		_displayNumber 		CODE           	10D1	0000	118
		_LCD_init      		CODE           	1E37	0000	26
		_LCD_mapping   		CODE           	0C40	0000	443

lcd.c estimated size: 4575

C:\Program Files (x86)\Microchip\xc8\v1.43\sources\common\float.c
		___ftpack      		CODE           	1F28	0000	109

C:\Program Files (x86)\Microchip\xc8\v1.43\sources\common\float.c estimated size: 109

C:\Program Files (x86)\Microchip\xc8\v1.43\sources\common\itoa.c
		_utoa          		CODE           	1F94	0000	109

C:\Program Files (x86)\Microchip\xc8\v1.43\sources\common\itoa.c estimated size: 109

C:\Program Files (x86)\Microchip\xc8\v1.43\sources\common\lwmod.c
		___lwmod       		CODE           	1E6F	0000	51

C:\Program Files (x86)\Microchip\xc8\v1.43\sources\common\lwmod.c estimated size: 51

main.c
		_UART_Init     		CODE           	105D	0000	117
		_main          		CODE           	0DFA	0000	519
		_UART_Write_Text		CODE           	1E50	0000	32
		_UART_Write    		CODE           	1E1C	0000	11

main.c estimated size: 679

C:\Program Files (x86)\Microchip\xc8\v1.43\sources\common\awmod.c
		___awmod       		CODE           	1EDD	0000	76

C:\Program Files (x86)\Microchip\xc8\v1.43\sources\common\awmod.c estimated size: 76

